t
sfd
